  Determining projects to restore...
  All projects are up-to-date for restore.
  Payment.Domain.Shared -> C:\Users\Satish\portfolio\aspnet-core\src\Payment.Domain.Shared\bin\Debug\net10.0\Payment.Domain.Shared.dll
  Payment.Domain -> C:\Users\Satish\portfolio\aspnet-core\src\Payment.Domain\bin\Debug\net10.0\Payment.Domain.dll
  Payment.Application.Contracts -> C:\Users\Satish\portfolio\aspnet-core\src\Payment.Application.Contracts\bin\Debug\net10.0\Payment.Application.Contracts.dll
C:\Users\Satish\portfolio\aspnet-core\src\Payment.Application\PaymentApplicationModule.cs(28,39): error CS0246: The type or namespace name 'PaymentApplicationMappers' could not be found (are you missing a using directive or an assembly reference?) [C:\Users\Satish\portfolio\aspnet-core\src\Payment.Application\Payment.Application.csproj]

Build FAILED.

C:\Users\Satish\portfolio\aspnet-core\src\Payment.Application\PaymentApplicationModule.cs(28,39): error CS0246: The type or namespace name 'PaymentApplicationMappers' could not be found (are you missing a using directive or an assembly reference?) [C:\Users\Satish\portfolio\aspnet-core\src\Payment.Application\Payment.Application.csproj]
    0 Warning(s)
    1 Error(s)

Time Elapsed 00:00:13.94
